../Core/Src/robot.c:34:6:robotFree	0	static
../Core/Src/robot.c:85:6:robotMoveReturn	16	static
../Core/Src/robot.c:94:6:robotMoveNormal	8	static
../Core/Src/robot.c:101:6:robotMoveInvert	8	static
../Core/Src/robot.c:108:6:robotMoveDouble	16	static
../Core/Src/robot.c:41:6:robotInit	40	static
../Core/Src/robot.c:71:6:robotBoot	32	static
../Core/Src/robot.c:120:6:robotMoveLeftNormal	0	static
../Core/Src/robot.c:125:6:robotMoveLeftInvert	0	static
../Core/Src/robot.c:130:6:robotMoveLeftDouble	0	static
../Core/Src/robot.c:135:6:robotMoveFrontNormal	0	static
../Core/Src/robot.c:140:6:robotMoveFrontInvert	0	static
../Core/Src/robot.c:145:6:robotMoveFrontDouble	0	static
../Core/Src/robot.c:150:6:robotMoveRightNormal	0	static
../Core/Src/robot.c:155:6:robotMoveRightInvert	0	static
../Core/Src/robot.c:160:6:robotMoveRightDouble	0	static
../Core/Src/robot.c:165:6:robotMoveBackNormal	0	static
../Core/Src/robot.c:170:6:robotMoveBackInvert	0	static
../Core/Src/robot.c:175:6:robotMoveBackDouble	0	static
../Core/Src/robot.c:180:6:robotTest	0	static
