../Core/Src/robot.c:19:6:robotFree	16	static
../Core/Src/robot.c:28:6:robotInit	24	static
../Core/Src/robot.c:60:6:robotBoot	16	static
../Core/Src/robot.c:74:6:robotShutDown	16	static
../Core/Src/robot.c:94:6:robotTurnReturn	16	static
../Core/Src/robot.c:103:6:robotTurnNormal	16	static
../Core/Src/robot.c:111:6:robotTurnInvert	16	static
../Core/Src/robot.c:119:6:robotTurnDouble	16	static
../Core/Src/robot.c:129:6:robotTurnLeftNormal	16	static
../Core/Src/robot.c:136:6:robotTurnLeftInvert	16	static
../Core/Src/robot.c:143:6:robotTurnLeftDouble	16	static
../Core/Src/robot.c:150:6:robotTurnFrontNormal	16	static
../Core/Src/robot.c:157:6:robotTurnFrontInvert	16	static
../Core/Src/robot.c:164:6:robotTurnFrontDouble	16	static
../Core/Src/robot.c:171:6:robotTurnRightNormal	16	static
../Core/Src/robot.c:178:6:robotTurnRightInvert	16	static
../Core/Src/robot.c:185:6:robotTurnRightDouble	16	static
../Core/Src/robot.c:192:6:robotTurnBackNormal	16	static
../Core/Src/robot.c:199:6:robotTurnBackInvert	16	static
../Core/Src/robot.c:206:6:robotTurnBackDouble	16	static
../Core/Src/robot.c:213:6:robotFlipReturn	16	static
../Core/Src/robot.c:227:6:robotFlipSingle	16	static
../Core/Src/robot.c:241:6:robotFlipDouble	16	static
../Core/Src/robot.c:265:6:robotFlipXNormal	16	static
../Core/Src/robot.c:275:6:robotFlipXInvert	16	static
../Core/Src/robot.c:285:6:robotFlipXDouble	16	static
../Core/Src/robot.c:295:6:robotFlipZNormal	16	static
../Core/Src/robot.c:305:6:robotFlipZInvert	16	static
../Core/Src/robot.c:315:6:robotFlipZDouble	16	static
../Core/Src/robot.c:325:6:robotTest	16	static
