../Core/Src/robot.c:34:6:robotFree	16	static
../Core/Src/robot.c:41:6:robotInit	8	static
../Core/Src/robot.c:71:6:robotBoot	16	static
../Core/Src/robot.c:85:6:robotMoveReturn	16	static
../Core/Src/robot.c:94:6:robotMoveNormal	16	static
../Core/Src/robot.c:101:6:robotMoveInvert	16	static
../Core/Src/robot.c:108:6:robotMoveDouble	16	static
../Core/Src/robot.c:120:6:robotMoveLeftNormal	16	static
../Core/Src/robot.c:125:6:robotMoveLeftInvert	16	static
../Core/Src/robot.c:130:6:robotMoveLeftDouble	16	static
../Core/Src/robot.c:135:6:robotMoveFrontNormal	16	static
../Core/Src/robot.c:140:6:robotMoveFrontInvert	16	static
../Core/Src/robot.c:145:6:robotMoveFrontDouble	16	static
../Core/Src/robot.c:150:6:robotMoveRightNormal	16	static
../Core/Src/robot.c:155:6:robotMoveRightInvert	16	static
../Core/Src/robot.c:160:6:robotMoveRightDouble	16	static
../Core/Src/robot.c:165:6:robotMoveBackNormal	16	static
../Core/Src/robot.c:170:6:robotMoveBackInvert	16	static
../Core/Src/robot.c:175:6:robotMoveBackDouble	16	static
../Core/Src/robot.c:181:6:robotTest	24	static
