../Core/Src/robot.c:34:6:robotFree	16	static
../Core/Src/robot.c:43:6:robotInit	8	static
../Core/Src/robot.c:75:6:robotBoot	16	static
../Core/Src/robot.c:90:6:robotMoveReturn	16	static
../Core/Src/robot.c:99:6:robotMoveNormal	16	static
../Core/Src/robot.c:106:6:robotMoveInvert	16	static
../Core/Src/robot.c:113:6:robotMoveDouble	16	static
../Core/Src/robot.c:125:6:robotMoveLeftNormal	16	static
../Core/Src/robot.c:130:6:robotMoveLeftInvert	16	static
../Core/Src/robot.c:135:6:robotMoveLeftDouble	16	static
../Core/Src/robot.c:140:6:robotMoveFrontNormal	16	static
../Core/Src/robot.c:145:6:robotMoveFrontInvert	16	static
../Core/Src/robot.c:150:6:robotMoveFrontDouble	16	static
../Core/Src/robot.c:155:6:robotMoveRightNormal	16	static
../Core/Src/robot.c:160:6:robotMoveRightInvert	16	static
../Core/Src/robot.c:165:6:robotMoveRightDouble	16	static
../Core/Src/robot.c:170:6:robotMoveBackNormal	16	static
../Core/Src/robot.c:175:6:robotMoveBackInvert	16	static
../Core/Src/robot.c:180:6:robotMoveBackDouble	16	static
../Core/Src/robot.c:185:6:robotFlipXNormal	16	static
../Core/Src/robot.c:239:6:robotTest	16	static
